[ERROR] COMPILATION ERROR : 
[ERROR] /C:/hrms_platform/src/main/java/com/example/security/jwt/JwtService.java:[75,47] cannot find symbol
  symbol:   method getEmployeeId()
  location: class com.example.security.model.User
[ERROR] /C:/hrms_platform/src/main/java/com/example/security/jwt/JwtService.java:[76,42] cannot find symbol
  symbol:   method getRoles()
  location: class com.example.security.model.User
[ERROR] /C:/hrms_platform/src/main/java/com/example/security/service/CustomUserDetailsService.java:[27,49] cannot find symbol
  symbol:   method getRoles()
  location: variable user of type com.example.security.model.User
[ERROR] /C:/hrms_platform/src/main/java/com/example/security/service/CustomUserDetailsService.java:[32,21] cannot find symbol
  symbol:   method getUsername()
  location: variable user of type com.example.security.model.User
[ERROR] /C:/hrms_platform/src/main/java/com/example/security/service/CustomUserDetailsService.java:[33,21] cannot find symbol
  symbol:   method getPassword()
  location: variable user of type com.example.security.model.User
[ERROR] /C:/hrms_platform/src/main/java/com/example/security/controller/AdminEmployeeController.java:[42,38] cannot find symbol
  symbol:   method getFirstName()
  location: variable request of type com.example.security.dto.AdminCreateEmployeeRequest
[ERROR] /C:/hrms_platform/src/main/java/com/example/security/controller/AdminEmployeeController.java:[43,37] cannot find symbol
  symbol:   method getLastName()
  location: variable request of type com.example.security.dto.AdminCreateEmployeeRequest
[ERROR] /C:/hrms_platform/src/main/java/com/example/security/controller/AdminEmployeeController.java:[44,41] cannot find symbol
  symbol:   method getCompanyEmail()
  location: variable request of type com.example.security.dto.AdminCreateEmployeeRequest
[ERROR] /C:/hrms_platform/src/main/java/com/example/security/controller/AdminEmployeeController.java:[45,42] cannot find symbol
  symbol:   method getDateOfJoining()
  location: variable request of type com.example.security.dto.AdminCreateEmployeeRequest
[ERROR] /C:/hrms_platform/src/main/java/com/example/security/controller/AdminEmployeeController.java:[46,35] cannot find symbol
  symbol:   method getStatus()
  location: variable request of type com.example.security.dto.AdminCreateEmployeeRequest
[ERROR] /C:/hrms_platform/src/main/java/com/example/security/controller/AdminEmployeeController.java:[47,41] cannot find symbol
  symbol:   method getEmployeeType()
  location: variable request of type com.example.security.dto.AdminCreateEmployeeRequest
[ERROR] /C:/hrms_platform/src/main/java/com/example/security/controller/AdminEmployeeController.java:[48,40] cannot find symbol
  symbol:   method getPhoneNumber()
  location: variable request of type com.example.security.dto.AdminCreateEmployeeRequest
[ERROR] /C:/hrms_platform/src/main/java/com/example/security/controller/AdminEmployeeController.java:[49,40] cannot find symbol
  symbol:   method getCurrentBand()
  location: variable request of type com.example.security.dto.AdminCreateEmployeeRequest
[ERROR] /C:/hrms_platform/src/main/java/com/example/security/controller/AdminEmployeeController.java:[50,46] cannot find symbol
  symbol:   method getCurrentExperience()
  location: variable request of type com.example.security.dto.AdminCreateEmployeeRequest
[ERROR] /C:/hrms_platform/src/main/java/com/example/security/controller/AdminEmployeeController.java:[51,40] cannot find symbol
  symbol:   method getDesignation()
  location: variable request of type com.example.security.dto.AdminCreateEmployeeRequest
[ERROR] /C:/hrms_platform/src/main/java/com/example/security/controller/AdminEmployeeController.java:[52,32] cannot find symbol
  symbol:   method getCtc()
  location: variable request of type com.example.security.dto.AdminCreateEmployeeRequest
[ERROR] /C:/hrms_platform/src/main/java/com/example/security/controller/AdminEmployeeController.java:[57,44] cannot find symbol
  symbol:   method getCompanyEmail()
  location: variable request of type com.example.security.dto.AdminCreateEmployeeRequest
[ERROR] /C:/hrms_platform/src/main/java/com/example/security/controller/AdminEmployeeController.java:[58,44] cannot find symbol
  symbol:   method getTempPassword()
  location: variable request of type com.example.security.dto.AdminCreateEmployeeRequest
[ERROR] /C:/hrms_platform/src/main/java/com/example/security/controller/AdminEmployeeController.java:[59,52] cannot find symbol
  symbol:   method getEmployeeId()
  location: variable savedEmployee of type com.example.EmployeeManagement.DTO.EmployeeDTO
[ERROR] /C:/hrms_platform/src/main/java/com/example/EmployeeManagement/Service/EmployeeService.java:[54,38] cannot find symbol
  symbol:   method getFirstName()
  location: variable updated of type com.example.EmployeeManagement.Model.Employee
[ERROR] /C:/hrms_platform/src/main/java/com/example/EmployeeManagement/Service/EmployeeService.java:[55,37] cannot find symbol
  symbol:   method getLastName()
  location: variable updated of type com.example.EmployeeManagement.Model.Employee
[ERROR] /C:/hrms_platform/src/main/java/com/example/EmployeeManagement/Service/EmployeeService.java:[56,41] cannot find symbol
  symbol:   method getCompanyEmail()
  location: variable updated of type com.example.EmployeeManagement.Model.Employee
[ERROR] /C:/hrms_platform/src/main/java/com/example/EmployeeManagement/Service/EmployeeService.java:[57,42] cannot find symbol
  symbol:   method getDateOfJoining()
  location: variable updated of type com.example.EmployeeManagement.Model.Employee
[ERROR] /C:/hrms_platform/src/main/java/com/example/EmployeeManagement/Service/EmployeeService.java:[58,35] cannot find symbol
  symbol:   method getStatus()
  location: variable updated of type com.example.EmployeeManagement.Model.Employee
[ERROR] /C:/hrms_platform/src/main/java/com/example/EmployeeManagement/Service/EmployeeService.java:[59,41] cannot find symbol
  symbol:   method getEmployeeType()
  location: variable updated of type com.example.EmployeeManagement.Model.Employee
[ERROR] /C:/hrms_platform/src/main/java/com/example/EmployeeManagement/Service/EmployeeService.java:[60,40] cannot find symbol
  symbol:   method getPhoneNumber()
  location: variable updated of type com.example.EmployeeManagement.Model.Employee
[ERROR] /C:/hrms_platform/src/main/java/com/example/EmployeeManagement/Service/EmployeeService.java:[61,40] cannot find symbol
  symbol:   method getCurrentBand()
  location: variable updated of type com.example.EmployeeManagement.Model.Employee
[ERROR] /C:/hrms_platform/src/main/java/com/example/EmployeeManagement/Service/EmployeeService.java:[62,46] cannot find symbol
  symbol:   method getCurrentExperience()
  location: variable updated of type com.example.EmployeeManagement.Model.Employee
[ERROR] /C:/hrms_platform/src/main/java/com/example/EmployeeManagement/Service/EmployeeService.java:[63,40] cannot find symbol
  symbol:   method getDesignation()
  location: variable updated of type com.example.EmployeeManagement.Model.Employee
[ERROR] /C:/hrms_platform/src/main/java/com/example/EmployeeManagement/Service/EmployeeService.java:[64,32] cannot find symbol
  symbol:   method getCtc()
  location: variable updated of type com.example.EmployeeManagement.Model.Employee
[ERROR] /C:/hrms_platform/src/main/java/com/example/EmployeeManagement/Service/EmployeeService.java:[77,35] cannot find symbol
  symbol:   method getEmployeeId()
  location: variable employee of type com.example.EmployeeManagement.Model.Employee
[ERROR] /C:/hrms_platform/src/main/java/com/example/EmployeeManagement/Service/EmployeeService.java:[78,34] cannot find symbol
  symbol:   method getFirstName()
  location: variable employee of type com.example.EmployeeManagement.Model.Employee
[ERROR] /C:/hrms_platform/src/main/java/com/example/EmployeeManagement/Service/EmployeeService.java:[79,33] cannot find symbol
  symbol:   method getLastName()
  location: variable employee of type com.example.EmployeeManagement.Model.Employee
[ERROR] /C:/hrms_platform/src/main/java/com/example/EmployeeManagement/Service/EmployeeService.java:[80,37] cannot find symbol
  symbol:   method getCompanyEmail()
  location: variable employee of type com.example.EmployeeManagement.Model.Employee
[ERROR] /C:/hrms_platform/src/main/java/com/example/EmployeeManagement/Service/EmployeeService.java:[81,36] cannot find symbol
  symbol:   method getDesignation()
  location: variable employee of type com.example.EmployeeManagement.Model.Employee
[ERROR] /C:/hrms_platform/src/main/java/com/example/EmployeeManagement/Service/EmployeeService.java:[82,31] cannot find symbol
  symbol:   method getStatus()
  location: variable employee of type com.example.EmployeeManagement.Model.Employee
[ERROR] /C:/hrms_platform/src/main/java/com/example/EmployeeManagement/Service/EmployeeService.java:[83,36] cannot find symbol
  symbol:   method getCurrentBand()
  location: variable employee of type com.example.EmployeeManagement.Model.Employee
[ERROR] /C:/hrms_platform/src/main/java/com/example/EmployeeManagement/Service/EmployeeService.java:[85,20] cannot find symbol
  symbol:   method getJobDetails()
  location: variable employee of type com.example.EmployeeManagement.Model.Employee
[ERROR] /C:/hrms_platform/src/main/java/com/example/EmployeeManagement/Service/EmployeeService.java:[86,39] cannot find symbol
  symbol:   method getJobDetails()
  location: variable employee of type com.example.EmployeeManagement.Model.Employee
[ERROR] /C:/hrms_platform/src/main/java/com/example/EmployeeManagement/Service/EmployeeService.java:[87,20] cannot find symbol
  symbol:   method getManager()
  location: variable employee of type com.example.EmployeeManagement.Model.Employee
[ERROR] /C:/hrms_platform/src/main/java/com/example/EmployeeManagement/Service/EmployeeService.java:[88,40] cannot find symbol
  symbol:   method getManager()
  location: variable employee of type com.example.EmployeeManagement.Model.Employee
[ERROR] /C:/hrms_platform/src/main/java/com/example/EmployeeManagement/Service/EmployeeService.java:[88,81] cannot find symbol
  symbol:   method getManager()
  location: variable employee of type com.example.EmployeeManagement.Model.Employee
[ERROR] /C:/hrms_platform/src/main/java/com/example/security/service/UserService.java:[29,52] cannot find symbol
  symbol:   method getUsername()
  location: variable request of type com.example.security.dto.RegisterRequest
[ERROR] /C:/hrms_platform/src/main/java/com/example/security/service/UserService.java:[33,25] cannot find symbol
  symbol:   method builder()
  location: class com.example.security.model.User
[ERROR] /C:/hrms_platform/src/main/java/com/example/security/service/UserService.java:[34,34] cannot find symbol
  symbol:   method getUsername()
  location: variable request of type com.example.security.dto.RegisterRequest
[ERROR] /C:/hrms_platform/src/main/java/com/example/security/service/UserService.java:[35,57] cannot find symbol
  symbol:   method getPassword()
  location: variable request of type com.example.security.dto.RegisterRequest
[ERROR] /C:/hrms_platform/src/main/java/com/example/security/service/UserService.java:[36,36] cannot find symbol
  symbol:   method getEmployeeId()
  location: variable request of type com.example.security.dto.RegisterRequest
[ERROR] /C:/hrms_platform/src/main/java/com/example/security/service/UserService.java:[48,45] cannot find symbol
  symbol:   method getOldPassword()
  location: variable request of type com.example.security.dto.ChangePasswordRequest
[ERROR] /C:/hrms_platform/src/main/java/com/example/security/service/UserService.java:[48,68] cannot find symbol
  symbol:   method getPassword()
  location: variable user of type com.example.security.model.User
[ERROR] /C:/hrms_platform/src/main/java/com/example/security/service/UserService.java:[52,56] cannot find symbol
  symbol:   method getNewPassword()
  location: variable request of type com.example.security.dto.ChangePasswordRequest
[ERROR] /C:/hrms_platform/src/main/java/com/example/hrms_platform_document/service/DocumentAuditService.java:[24,14] cannot find symbol
  symbol:   method setDocument(com.example.hrms_platform_document.entity.Document)
  location: variable audit of type com.example.hrms_platform_document.entity.DocumentAudit
[ERROR] /C:/hrms_platform/src/main/java/com/example/hrms_platform_document/service/DocumentAuditService.java:[25,14] cannot find symbol
  symbol:   method setVersion(com.example.hrms_platform_document.entity.DocumentVersion)
  location: variable audit of type com.example.hrms_platform_document.entity.DocumentAudit
[ERROR] /C:/hrms_platform/src/main/java/com/example/hrms_platform_document/service/DocumentAuditService.java:[26,14] cannot find symbol
  symbol:   method setAction(java.lang.String)
  location: variable audit of type com.example.hrms_platform_document.entity.DocumentAudit
[ERROR] /C:/hrms_platform/src/main/java/com/example/hrms_platform_document/service/DocumentAuditService.java:[27,14] cannot find symbol
  symbol:   method setPerformedBy(com.example.EmployeeManagement.Model.Employee)
  location: variable audit of type com.example.hrms_platform_document.entity.DocumentAudit
[ERROR] /C:/hrms_platform/src/main/java/com/example/hrms_platform_document/service/DocumentAuditService.java:[28,14] cannot find symbol
  symbol:   method setPerformedAt(java.time.LocalDateTime)
  location: variable audit of type com.example.hrms_platform_document.entity.DocumentAudit
[ERROR] /C:/hrms_platform/src/main/java/com/example/time/controller/LeaveController.java:[27,60] cannot find symbol
  symbol:   method getEmployeeId()
  location: variable dto of type com.example.time.dto.LeaveRequestDTO
[ERROR] /C:/hrms_platform/src/main/java/com/example/time/controller/LeaveController.java:[28,85] cannot find symbol
  symbol:   method getEmployeeId()
  location: variable dto of type com.example.time.dto.LeaveRequestDTO
[ERROR] /C:/hrms_platform/src/main/java/com/example/EmployeeManagement/Service/EmployeePersonalService.java:[80,43] cannot find symbol
  symbol:   method getPersonalId()
  location: variable employeePersonal of type com.example.EmployeeManagement.Model.EmployeePersonal
[ERROR] /C:/hrms_platform/src/main/java/com/example/EmployeeManagement/Service/EmployeePersonalService.java:[81,28] cannot find symbol
  symbol:   method getEmployee()
  location: variable employeePersonal of type com.example.EmployeeManagement.Model.EmployeePersonal
[ERROR] /C:/hrms_platform/src/main/java/com/example/EmployeeManagement/Service/EmployeePersonalService.java:[82,47] cannot find symbol
  symbol:   method getEmployee()
  location: variable employeePersonal of type com.example.EmployeeManagement.Model.EmployeePersonal
[ERROR] /C:/hrms_platform/src/main/java/com/example/EmployeeManagement/Service/EmployeePersonalService.java:[83,36] cannot find symbol
  symbol:   method getDob()
  location: variable employeePersonal of type com.example.EmployeeManagement.Model.EmployeePersonal
[ERROR] /C:/hrms_platform/src/main/java/com/example/EmployeeManagement/Service/EmployeePersonalService.java:[84,39] cannot find symbol
  symbol:   method getGender()
  location: variable employeePersonal of type com.example.EmployeeManagement.Model.EmployeePersonal
[ERROR] /C:/hrms_platform/src/main/java/com/example/EmployeeManagement/Service/EmployeePersonalService.java:[85,43] cannot find symbol
  symbol:   method getBloodGroup()
  location: variable employeePersonal of type com.example.EmployeeManagement.Model.EmployeePersonal
[ERROR] /C:/hrms_platform/src/main/java/com/example/EmployeeManagement/Service/EmployeePersonalService.java:[86,44] cannot find symbol
  symbol:   method getNationality()
  location: variable employeePersonal of type com.example.EmployeeManagement.Model.EmployeePersonal
[ERROR] /C:/hrms_platform/src/main/java/com/example/EmployeeManagement/Service/EmployeePersonalService.java:[87,46] cannot find symbol
  symbol:   method getMaritalStatus()
  location: variable employeePersonal of type com.example.EmployeeManagement.Model.EmployeePersonal
[ERROR] /C:/hrms_platform/src/main/java/com/example/EmployeeManagement/Service/EmployeePersonalService.java:[89,30] cannot find symbol
  symbol:   method getMaritalStatus()
  location: variable employeePersonal of type com.example.EmployeeManagement.Model.EmployeePersonal
[ERROR] /C:/hrms_platform/src/main/java/com/example/EmployeeManagement/Service/EmployeePersonalService.java:[90,47] cannot find symbol
  symbol:   method getSpouseName()
  location: variable employeePersonal of type com.example.EmployeeManagement.Model.EmployeePersonal
[ERROR] /C:/hrms_platform/src/main/java/com/example/EmployeeManagement/Service/EmployeePersonalService.java:[92,47] cannot find symbol
  symbol:   method getFatherName()
  location: variable employeePersonal of type com.example.EmployeeManagement.Model.EmployeePersonal
[ERROR] /C:/hrms_platform/src/main/java/com/example/EmployeeManagement/Service/EmployeePersonalService.java:[94,45] cannot find symbol
  symbol:   method getPersonalMail()
  location: variable employeePersonal of type com.example.EmployeeManagement.Model.EmployeePersonal
[ERROR] /C:/hrms_platform/src/main/java/com/example/EmployeeManagement/Service/EmployeePersonalService.java:[95,53] cannot find symbol
  symbol:   method getAlternatePhoneNumber()
  location: variable employeePersonal of type com.example.EmployeeManagement.Model.EmployeePersonal
[ERROR] /C:/hrms_platform/src/main/java/com/example/time/controller/HolidayController.java:[22,35] cannot find symbol
  symbol:   method getHolidayDate()
  location: variable dto of type com.example.time.dto.HolidayDTO
[ERROR] /C:/hrms_platform/src/main/java/com/example/time/controller/HolidayController.java:[23,32] cannot find symbol
  symbol:   method getOccasion()
  location: variable dto of type com.example.time.dto.HolidayDTO
[ERROR] /C:/hrms_platform/src/main/java/com/example/time/controller/HolidayController.java:[24,32] cannot find symbol
  symbol:   method getLocation()
  location: variable dto of type com.example.time.dto.HolidayDTO
[ERROR] /C:/hrms_platform/src/main/java/com/example/time/controller/HolidayController.java:[25,32] cannot find symbol
  symbol:   method isOptional()
  location: variable dto of type com.example.time.dto.HolidayDTO
[ERROR] /C:/hrms_platform/src/main/java/com/example/hrms_platform_document/service/DocumentService.java:[50,17] cannot find symbol
  symbol:   method setDocumentName(java.lang.String)
  location: variable document of type com.example.hrms_platform_document.entity.Document
[ERROR] /C:/hrms_platform/src/main/java/com/example/hrms_platform_document/service/DocumentService.java:[51,17] cannot find symbol
  symbol:   method setDocumentType(java.lang.String)
  location: variable document of type com.example.hrms_platform_document.entity.Document
[ERROR] /C:/hrms_platform/src/main/java/com/example/hrms_platform_document/service/DocumentService.java:[52,17] cannot find symbol
  symbol:   method setEmployee(com.example.EmployeeManagement.Model.Employee)
  location: variable document of type com.example.hrms_platform_document.entity.Document
[ERROR] /C:/hrms_platform/src/main/java/com/example/hrms_platform_document/service/DocumentService.java:[53,17] cannot find symbol
  symbol:   method setUploadedBy(com.example.EmployeeManagement.Model.Employee)
  location: variable document of type com.example.hrms_platform_document.entity.Document
[ERROR] /C:/hrms_platform/src/main/java/com/example/hrms_platform_document/service/DocumentService.java:[54,17] cannot find symbol
  symbol:   method setCreatedAt(java.time.LocalDateTime)
  location: variable document of type com.example.hrms_platform_document.entity.Document
[ERROR] /C:/hrms_platform/src/main/java/com/example/hrms_platform_document/service/DocumentService.java:[59,16] cannot find symbol
  symbol:   method setDocument(com.example.hrms_platform_document.entity.Document)
  location: variable version of type com.example.hrms_platform_document.entity.DocumentVersion
[ERROR] /C:/hrms_platform/src/main/java/com/example/hrms_platform_document/service/DocumentService.java:[60,16] cannot find symbol
  symbol:   method setFileData(byte[])
  location: variable version of type com.example.hrms_platform_document.entity.DocumentVersion
[ERROR] /C:/hrms_platform/src/main/java/com/example/hrms_platform_document/service/DocumentService.java:[61,16] cannot find symbol
  symbol:   method setVersionNumber(int)
  location: variable version of type com.example.hrms_platform_document.entity.DocumentVersion
[ERROR] /C:/hrms_platform/src/main/java/com/example/hrms_platform_document/service/DocumentService.java:[62,16] cannot find symbol
  symbol:   method setChecksum(java.lang.String)
  location: variable version of type com.example.hrms_platform_document.entity.DocumentVersion
[ERROR] /C:/hrms_platform/src/main/java/com/example/hrms_platform_document/service/DocumentService.java:[63,16] cannot find symbol
  symbol:   method setUploadedBy(com.example.EmployeeManagement.Model.Employee)
  location: variable version of type com.example.hrms_platform_document.entity.DocumentVersion
[ERROR] /C:/hrms_platform/src/main/java/com/example/hrms_platform_document/service/DocumentService.java:[64,16] cannot find symbol
  symbol:   method setUploadedAt(java.time.LocalDateTime)
  location: variable version of type com.example.hrms_platform_document.entity.DocumentVersion
[ERROR] /C:/hrms_platform/src/main/java/com/example/hrms_platform_document/service/DocumentService.java:[68,45] cannot find symbol
  symbol:   method getVersionId()
  location: variable version of type com.example.hrms_platform_document.entity.DocumentVersion
[ERROR] /C:/hrms_platform/src/main/java/com/example/hrms_platform_document/service/DocumentService.java:[79,59] cannot find symbol
  symbol:   method getCurrentVersionId()
  location: variable doc of type com.example.hrms_platform_document.entity.Document
[ERROR] /C:/hrms_platform/src/main/java/com/example/hrms_platform_document/service/DocumentService.java:[82,23] cannot find symbol
  symbol:   method getFileData()
  location: variable version of type com.example.hrms_platform_document.entity.DocumentVersion
[ERROR] /C:/hrms_platform/src/main/java/com/example/time/mapper/AttendanceMapper.java:[9,23] cannot find symbol
  symbol:   method getEmployee()
  location: variable attendance of type com.example.time.entity.Attendance
[ERROR] /C:/hrms_platform/src/main/java/com/example/time/mapper/AttendanceMapper.java:[10,41] cannot find symbol
  symbol:   method getEmployee()
  location: variable attendance of type com.example.time.entity.Attendance
[ERROR] /C:/hrms_platform/src/main/java/com/example/time/mapper/AttendanceMapper.java:[12,31] cannot find symbol
  symbol:   method getDate()
  location: variable attendance of type com.example.time.entity.Attendance
[ERROR] /C:/hrms_platform/src/main/java/com/example/time/mapper/AttendanceMapper.java:[13,34] cannot find symbol
  symbol:   method getCheckIn()
  location: variable attendance of type com.example.time.entity.Attendance
[ERROR] /C:/hrms_platform/src/main/java/com/example/time/mapper/AttendanceMapper.java:[14,35] cannot find symbol
  symbol:   method getCheckOut()
  location: variable attendance of type com.example.time.entity.Attendance
[ERROR] /C:/hrms_platform/src/main/java/com/example/time/mapper/AttendanceMapper.java:[15,33] cannot find symbol
  symbol:   method getStatus()
  location: variable attendance of type com.example.time.entity.Attendance
[ERROR] /C:/hrms_platform/src/main/java/com/example/hrms_platform_document/service/DocumentAccessLogService.java:[24,12] cannot find symbol
  symbol:   method setDocument(com.example.hrms_platform_document.entity.Document)
  location: variable log of type com.example.hrms_platform_document.entity.DocumentAccessLog
[ERROR] /C:/hrms_platform/src/main/java/com/example/hrms_platform_document/service/DocumentAccessLogService.java:[25,12] cannot find symbol
  symbol:   method setEmployee(com.example.EmployeeManagement.Model.Employee)
  location: variable log of type com.example.hrms_platform_document.entity.DocumentAccessLog
[ERROR] /C:/hrms_platform/src/main/java/com/example/hrms_platform_document/service/DocumentAccessLogService.java:[26,12] cannot find symbol
  symbol:   method setAction(java.lang.String)
  location: variable log of type com.example.hrms_platform_document.entity.DocumentAccessLog
[ERROR] /C:/hrms_platform/src/main/java/com/example/hrms_platform_document/service/DocumentAccessLogService.java:[27,12] cannot find symbol
  symbol:   method setAccessTime(java.time.LocalDateTime)
  location: variable log of type com.example.hrms_platform_document.entity.DocumentAccessLog
[ERROR] /C:/hrms_platform/src/main/java/com/example/hrms_platform_document/service/DocumentAccessLogService.java:[28,12] cannot find symbol
  symbol:   method setIpAddress(java.lang.String)
  location: variable log of type com.example.hrms_platform_document.entity.DocumentAccessLog
[ERROR] /C:/hrms_platform/src/main/java/com/example/EmployeeManagement/Exception/Handler/GlobalExceptionHandler.java:[17,24] constructor ApiDto in class com.example.EmployeeManagement.DTO.ApiDto cannot be applied to given types;
  required: no arguments
  found:    int,java.lang.String,java.time.LocalDateTime
  reason: actual and formal argument lists differ in length
[ERROR] Failed to execute goal org.apache.maven.plugins:maven-compiler-plugin:3.12.1:compile (default-compile) on project hrms-platform: Compilation failure: Compilation failure: 
[ERROR] /C:/hrms_platform/src/main/java/com/example/security/jwt/JwtService.java:[75,47] cannot find symbol
[ERROR]   symbol:   method getEmployeeId()
[ERROR]   location: class com.example.security.model.User
[ERROR] /C:/hrms_platform/src/main/java/com/example/security/jwt/JwtService.java:[76,42] cannot find symbol
[ERROR]   symbol:   method getRoles()
[ERROR]   location: class com.example.security.model.User
[ERROR] /C:/hrms_platform/src/main/java/com/example/security/service/CustomUserDetailsService.java:[27,49] cannot find symbol
[ERROR]   symbol:   method getRoles()
[ERROR]   location: variable user of type com.example.security.model.User
[ERROR] /C:/hrms_platform/src/main/java/com/example/security/service/CustomUserDetailsService.java:[32,21] cannot find symbol
[ERROR]   symbol:   method getUsername()
[ERROR]   location: variable user of type com.example.security.model.User
[ERROR] /C:/hrms_platform/src/main/java/com/example/security/service/CustomUserDetailsService.java:[33,21] cannot find symbol
[ERROR]   symbol:   method getPassword()
[ERROR]   location: variable user of type com.example.security.model.User
[ERROR] /C:/hrms_platform/src/main/java/com/example/security/controller/AdminEmployeeController.java:[42,38] cannot find symbol
[ERROR]   symbol:   method getFirstName()
[ERROR]   location: variable request of type com.example.security.dto.AdminCreateEmployeeRequest
[ERROR] /C:/hrms_platform/src/main/java/com/example/security/controller/AdminEmployeeController.java:[43,37] cannot find symbol
[ERROR]   symbol:   method getLastName()
[ERROR]   location: variable request of type com.example.security.dto.AdminCreateEmployeeRequest
[ERROR] /C:/hrms_platform/src/main/java/com/example/security/controller/AdminEmployeeController.java:[44,41] cannot find symbol
[ERROR]   symbol:   method getCompanyEmail()
[ERROR]   location: variable request of type com.example.security.dto.AdminCreateEmployeeRequest
[ERROR] /C:/hrms_platform/src/main/java/com/example/security/controller/AdminEmployeeController.java:[45,42] cannot find symbol
[ERROR]   symbol:   method getDateOfJoining()
[ERROR]   location: variable request of type com.example.security.dto.AdminCreateEmployeeRequest
[ERROR] /C:/hrms_platform/src/main/java/com/example/security/controller/AdminEmployeeController.java:[46,35] cannot find symbol
[ERROR]   symbol:   method getStatus()
[ERROR]   location: variable request of type com.example.security.dto.AdminCreateEmployeeRequest
[ERROR] /C:/hrms_platform/src/main/java/com/example/security/controller/AdminEmployeeController.java:[47,41] cannot find symbol
[ERROR]   symbol:   method getEmployeeType()
[ERROR]   location: variable request of type com.example.security.dto.AdminCreateEmployeeRequest
[ERROR] /C:/hrms_platform/src/main/java/com/example/security/controller/AdminEmployeeController.java:[48,40] cannot find symbol
[ERROR]   symbol:   method getPhoneNumber()
[ERROR]   location: variable request of type com.example.security.dto.AdminCreateEmployeeRequest
[ERROR] /C:/hrms_platform/src/main/java/com/example/security/controller/AdminEmployeeController.java:[49,40] cannot find symbol
[ERROR]   symbol:   method getCurrentBand()
[ERROR]   location: variable request of type com.example.security.dto.AdminCreateEmployeeRequest
[ERROR] /C:/hrms_platform/src/main/java/com/example/security/controller/AdminEmployeeController.java:[50,46] cannot find symbol
[ERROR]   symbol:   method getCurrentExperience()
[ERROR]   location: variable request of type com.example.security.dto.AdminCreateEmployeeRequest
[ERROR] /C:/hrms_platform/src/main/java/com/example/security/controller/AdminEmployeeController.java:[51,40] cannot find symbol
[ERROR]   symbol:   method getDesignation()
[ERROR]   location: variable request of type com.example.security.dto.AdminCreateEmployeeRequest
[ERROR] /C:/hrms_platform/src/main/java/com/example/security/controller/AdminEmployeeController.java:[52,32] cannot find symbol
[ERROR]   symbol:   method getCtc()
[ERROR]   location: variable request of type com.example.security.dto.AdminCreateEmployeeRequest
[ERROR] /C:/hrms_platform/src/main/java/com/example/security/controller/AdminEmployeeController.java:[57,44] cannot find symbol
[ERROR]   symbol:   method getCompanyEmail()
[ERROR]   location: variable request of type com.example.security.dto.AdminCreateEmployeeRequest
[ERROR] /C:/hrms_platform/src/main/java/com/example/security/controller/AdminEmployeeController.java:[58,44] cannot find symbol
[ERROR]   symbol:   method getTempPassword()
[ERROR]   location: variable request of type com.example.security.dto.AdminCreateEmployeeRequest
[ERROR] /C:/hrms_platform/src/main/java/com/example/security/controller/AdminEmployeeController.java:[59,52] cannot find symbol
[ERROR]   symbol:   method getEmployeeId()
[ERROR]   location: variable savedEmployee of type com.example.EmployeeManagement.DTO.EmployeeDTO
[ERROR] /C:/hrms_platform/src/main/java/com/example/EmployeeManagement/Service/EmployeeService.java:[54,38] cannot find symbol
[ERROR]   symbol:   method getFirstName()
[ERROR]   location: variable updated of type com.example.EmployeeManagement.Model.Employee
[ERROR] /C:/hrms_platform/src/main/java/com/example/EmployeeManagement/Service/EmployeeService.java:[55,37] cannot find symbol
[ERROR]   symbol:   method getLastName()
[ERROR]   location: variable updated of type com.example.EmployeeManagement.Model.Employee
[ERROR] /C:/hrms_platform/src/main/java/com/example/EmployeeManagement/Service/EmployeeService.java:[56,41] cannot find symbol
[ERROR]   symbol:   method getCompanyEmail()
[ERROR]   location: variable updated of type com.example.EmployeeManagement.Model.Employee
[ERROR] /C:/hrms_platform/src/main/java/com/example/EmployeeManagement/Service/EmployeeService.java:[57,42] cannot find symbol
[ERROR]   symbol:   method getDateOfJoining()
[ERROR]   location: variable updated of type com.example.EmployeeManagement.Model.Employee
[ERROR] /C:/hrms_platform/src/main/java/com/example/EmployeeManagement/Service/EmployeeService.java:[58,35] cannot find symbol
[ERROR]   symbol:   method getStatus()
[ERROR]   location: variable updated of type com.example.EmployeeManagement.Model.Employee
[ERROR] /C:/hrms_platform/src/main/java/com/example/EmployeeManagement/Service/EmployeeService.java:[59,41] cannot find symbol
[ERROR]   symbol:   method getEmployeeType()
[ERROR]   location: variable updated of type com.example.EmployeeManagement.Model.Employee
[ERROR] /C:/hrms_platform/src/main/java/com/example/EmployeeManagement/Service/EmployeeService.java:[60,40] cannot find symbol
[ERROR]   symbol:   method getPhoneNumber()
[ERROR]   location: variable updated of type com.example.EmployeeManagement.Model.Employee
[ERROR] /C:/hrms_platform/src/main/java/com/example/EmployeeManagement/Service/EmployeeService.java:[61,40] cannot find symbol
[ERROR]   symbol:   method getCurrentBand()
[ERROR]   location: variable updated of type com.example.EmployeeManagement.Model.Employee
[ERROR] /C:/hrms_platform/src/main/java/com/example/EmployeeManagement/Service/EmployeeService.java:[62,46] cannot find symbol
[ERROR]   symbol:   method getCurrentExperience()
[ERROR]   location: variable updated of type com.example.EmployeeManagement.Model.Employee
[ERROR] /C:/hrms_platform/src/main/java/com/example/EmployeeManagement/Service/EmployeeService.java:[63,40] cannot find symbol
[ERROR]   symbol:   method getDesignation()
[ERROR]   location: variable updated of type com.example.EmployeeManagement.Model.Employee
[ERROR] /C:/hrms_platform/src/main/java/com/example/EmployeeManagement/Service/EmployeeService.java:[64,32] cannot find symbol
[ERROR]   symbol:   method getCtc()
[ERROR]   location: variable updated of type com.example.EmployeeManagement.Model.Employee
[ERROR] /C:/hrms_platform/src/main/java/com/example/EmployeeManagement/Service/EmployeeService.java:[77,35] cannot find symbol
[ERROR]   symbol:   method getEmployeeId()
[ERROR]   location: variable employee of type com.example.EmployeeManagement.Model.Employee
[ERROR] /C:/hrms_platform/src/main/java/com/example/EmployeeManagement/Service/EmployeeService.java:[78,34] cannot find symbol
[ERROR]   symbol:   method getFirstName()
[ERROR]   location: variable employee of type com.example.EmployeeManagement.Model.Employee
[ERROR] /C:/hrms_platform/src/main/java/com/example/EmployeeManagement/Service/EmployeeService.java:[79,33] cannot find symbol
[ERROR]   symbol:   method getLastName()
[ERROR]   location: variable employee of type com.example.EmployeeManagement.Model.Employee
[ERROR] /C:/hrms_platform/src/main/java/com/example/EmployeeManagement/Service/EmployeeService.java:[80,37] cannot find symbol
[ERROR]   symbol:   method getCompanyEmail()
[ERROR]   location: variable employee of type com.example.EmployeeManagement.Model.Employee
[ERROR] /C:/hrms_platform/src/main/java/com/example/EmployeeManagement/Service/EmployeeService.java:[81,36] cannot find symbol
[ERROR]   symbol:   method getDesignation()
[ERROR]   location: variable employee of type com.example.EmployeeManagement.Model.Employee
[ERROR] /C:/hrms_platform/src/main/java/com/example/EmployeeManagement/Service/EmployeeService.java:[82,31] cannot find symbol
[ERROR]   symbol:   method getStatus()
[ERROR]   location: variable employee of type com.example.EmployeeManagement.Model.Employee
[ERROR] /C:/hrms_platform/src/main/java/com/example/EmployeeManagement/Service/EmployeeService.java:[83,36] cannot find symbol
[ERROR]   symbol:   method getCurrentBand()
[ERROR]   location: variable employee of type com.example.EmployeeManagement.Model.Employee
[ERROR] /C:/hrms_platform/src/main/java/com/example/EmployeeManagement/Service/EmployeeService.java:[85,20] cannot find symbol
[ERROR]   symbol:   method getJobDetails()
[ERROR]   location: variable employee of type com.example.EmployeeManagement.Model.Employee
[ERROR] /C:/hrms_platform/src/main/java/com/example/EmployeeManagement/Service/EmployeeService.java:[86,39] cannot find symbol
[ERROR]   symbol:   method getJobDetails()
[ERROR]   location: variable employee of type com.example.EmployeeManagement.Model.Employee
[ERROR] /C:/hrms_platform/src/main/java/com/example/EmployeeManagement/Service/EmployeeService.java:[87,20] cannot find symbol
[ERROR]   symbol:   method getManager()
[ERROR]   location: variable employee of type com.example.EmployeeManagement.Model.Employee
[ERROR] /C:/hrms_platform/src/main/java/com/example/EmployeeManagement/Service/EmployeeService.java:[88,40] cannot find symbol
[ERROR]   symbol:   method getManager()
[ERROR]   location: variable employee of type com.example.EmployeeManagement.Model.Employee
[ERROR] /C:/hrms_platform/src/main/java/com/example/EmployeeManagement/Service/EmployeeService.java:[88,81] cannot find symbol
[ERROR]   symbol:   method getManager()
[ERROR]   location: variable employee of type com.example.EmployeeManagement.Model.Employee
[ERROR] /C:/hrms_platform/src/main/java/com/example/security/service/UserService.java:[29,52] cannot find symbol
[ERROR]   symbol:   method getUsername()
[ERROR]   location: variable request of type com.example.security.dto.RegisterRequest
[ERROR] /C:/hrms_platform/src/main/java/com/example/security/service/UserService.java:[33,25] cannot find symbol
[ERROR]   symbol:   method builder()
[ERROR]   location: class com.example.security.model.User
[ERROR] /C:/hrms_platform/src/main/java/com/example/security/service/UserService.java:[34,34] cannot find symbol
[ERROR]   symbol:   method getUsername()
[ERROR]   location: variable request of type com.example.security.dto.RegisterRequest
[ERROR] /C:/hrms_platform/src/main/java/com/example/security/service/UserService.java:[35,57] cannot find symbol
[ERROR]   symbol:   method getPassword()
[ERROR]   location: variable request of type com.example.security.dto.RegisterRequest
[ERROR] /C:/hrms_platform/src/main/java/com/example/security/service/UserService.java:[36,36] cannot find symbol
[ERROR]   symbol:   method getEmployeeId()
[ERROR]   location: variable request of type com.example.security.dto.RegisterRequest
[ERROR] /C:/hrms_platform/src/main/java/com/example/security/service/UserService.java:[48,45] cannot find symbol
[ERROR]   symbol:   method getOldPassword()
[ERROR]   location: variable request of type com.example.security.dto.ChangePasswordRequest
[ERROR] /C:/hrms_platform/src/main/java/com/example/security/service/UserService.java:[48,68] cannot find symbol
[ERROR]   symbol:   method getPassword()
[ERROR]   location: variable user of type com.example.security.model.User
[ERROR] /C:/hrms_platform/src/main/java/com/example/security/service/UserService.java:[52,56] cannot find symbol
[ERROR]   symbol:   method getNewPassword()
[ERROR]   location: variable request of type com.example.security.dto.ChangePasswordRequest
[ERROR] /C:/hrms_platform/src/main/java/com/example/hrms_platform_document/service/DocumentAuditService.java:[24,14] cannot find symbol
[ERROR]   symbol:   method setDocument(com.example.hrms_platform_document.entity.Document)
[ERROR]   location: variable audit of type com.example.hrms_platform_document.entity.DocumentAudit
[ERROR] /C:/hrms_platform/src/main/java/com/example/hrms_platform_document/service/DocumentAuditService.java:[25,14] cannot find symbol
[ERROR]   symbol:   method setVersion(com.example.hrms_platform_document.entity.DocumentVersion)
[ERROR]   location: variable audit of type com.example.hrms_platform_document.entity.DocumentAudit
[ERROR] /C:/hrms_platform/src/main/java/com/example/hrms_platform_document/service/DocumentAuditService.java:[26,14] cannot find symbol
[ERROR]   symbol:   method setAction(java.lang.String)
[ERROR]   location: variable audit of type com.example.hrms_platform_document.entity.DocumentAudit
[ERROR] /C:/hrms_platform/src/main/java/com/example/hrms_platform_document/service/DocumentAuditService.java:[27,14] cannot find symbol
[ERROR]   symbol:   method setPerformedBy(com.example.EmployeeManagement.Model.Employee)
[ERROR]   location: variable audit of type com.example.hrms_platform_document.entity.DocumentAudit
[ERROR] /C:/hrms_platform/src/main/java/com/example/hrms_platform_document/service/DocumentAuditService.java:[28,14] cannot find symbol
[ERROR]   symbol:   method setPerformedAt(java.time.LocalDateTime)
[ERROR]   location: variable audit of type com.example.hrms_platform_document.entity.DocumentAudit
[ERROR] /C:/hrms_platform/src/main/java/com/example/time/controller/LeaveController.java:[27,60] cannot find symbol
[ERROR]   symbol:   method getEmployeeId()
[ERROR]   location: variable dto of type com.example.time.dto.LeaveRequestDTO
[ERROR] /C:/hrms_platform/src/main/java/com/example/time/controller/LeaveController.java:[28,85] cannot find symbol
[ERROR]   symbol:   method getEmployeeId()
[ERROR]   location: variable dto of type com.example.time.dto.LeaveRequestDTO
[ERROR] /C:/hrms_platform/src/main/java/com/example/EmployeeManagement/Service/EmployeePersonalService.java:[80,43] cannot find symbol
[ERROR]   symbol:   method getPersonalId()
[ERROR]   location: variable employeePersonal of type com.example.EmployeeManagement.Model.EmployeePersonal
[ERROR] /C:/hrms_platform/src/main/java/com/example/EmployeeManagement/Service/EmployeePersonalService.java:[81,28] cannot find symbol
[ERROR]   symbol:   method getEmployee()
[ERROR]   location: variable employeePersonal of type com.example.EmployeeManagement.Model.EmployeePersonal
[ERROR] /C:/hrms_platform/src/main/java/com/example/EmployeeManagement/Service/EmployeePersonalService.java:[82,47] cannot find symbol
[ERROR]   symbol:   method getEmployee()
[ERROR]   location: variable employeePersonal of type com.example.EmployeeManagement.Model.EmployeePersonal
[ERROR] /C:/hrms_platform/src/main/java/com/example/EmployeeManagement/Service/EmployeePersonalService.java:[83,36] cannot find symbol
[ERROR]   symbol:   method getDob()
[ERROR]   location: variable employeePersonal of type com.example.EmployeeManagement.Model.EmployeePersonal
[ERROR] /C:/hrms_platform/src/main/java/com/example/EmployeeManagement/Service/EmployeePersonalService.java:[84,39] cannot find symbol
[ERROR]   symbol:   method getGender()
[ERROR]   location: variable employeePersonal of type com.example.EmployeeManagement.Model.EmployeePersonal
[ERROR] /C:/hrms_platform/src/main/java/com/example/EmployeeManagement/Service/EmployeePersonalService.java:[85,43] cannot find symbol
[ERROR]   symbol:   method getBloodGroup()
[ERROR]   location: variable employeePersonal of type com.example.EmployeeManagement.Model.EmployeePersonal
[ERROR] /C:/hrms_platform/src/main/java/com/example/EmployeeManagement/Service/EmployeePersonalService.java:[86,44] cannot find symbol
[ERROR]   symbol:   method getNationality()
[ERROR]   location: variable employeePersonal of type com.example.EmployeeManagement.Model.EmployeePersonal
[ERROR] /C:/hrms_platform/src/main/java/com/example/EmployeeManagement/Service/EmployeePersonalService.java:[87,46] cannot find symbol
[ERROR]   symbol:   method getMaritalStatus()
[ERROR]   location: variable employeePersonal of type com.example.EmployeeManagement.Model.EmployeePersonal
[ERROR] /C:/hrms_platform/src/main/java/com/example/EmployeeManagement/Service/EmployeePersonalService.java:[89,30] cannot find symbol
[ERROR]   symbol:   method getMaritalStatus()
[ERROR]   location: variable employeePersonal of type com.example.EmployeeManagement.Model.EmployeePersonal
[ERROR] /C:/hrms_platform/src/main/java/com/example/EmployeeManagement/Service/EmployeePersonalService.java:[90,47] cannot find symbol
[ERROR]   symbol:   method getSpouseName()
[ERROR]   location: variable employeePersonal of type com.example.EmployeeManagement.Model.EmployeePersonal
[ERROR] /C:/hrms_platform/src/main/java/com/example/EmployeeManagement/Service/EmployeePersonalService.java:[92,47] cannot find symbol
[ERROR]   symbol:   method getFatherName()
[ERROR]   location: variable employeePersonal of type com.example.EmployeeManagement.Model.EmployeePersonal
[ERROR] /C:/hrms_platform/src/main/java/com/example/EmployeeManagement/Service/EmployeePersonalService.java:[94,45] cannot find symbol
[ERROR]   symbol:   method getPersonalMail()
[ERROR]   location: variable employeePersonal of type com.example.EmployeeManagement.Model.EmployeePersonal
[ERROR] /C:/hrms_platform/src/main/java/com/example/EmployeeManagement/Service/EmployeePersonalService.java:[95,53] cannot find symbol
[ERROR]   symbol:   method getAlternatePhoneNumber()
[ERROR]   location: variable employeePersonal of type com.example.EmployeeManagement.Model.EmployeePersonal
[ERROR] /C:/hrms_platform/src/main/java/com/example/time/controller/HolidayController.java:[22,35] cannot find symbol
[ERROR]   symbol:   method getHolidayDate()
[ERROR]   location: variable dto of type com.example.time.dto.HolidayDTO
[ERROR] /C:/hrms_platform/src/main/java/com/example/time/controller/HolidayController.java:[23,32] cannot find symbol
[ERROR]   symbol:   method getOccasion()
[ERROR]   location: variable dto of type com.example.time.dto.HolidayDTO
[ERROR] /C:/hrms_platform/src/main/java/com/example/time/controller/HolidayController.java:[24,32] cannot find symbol
[ERROR]   symbol:   method getLocation()
[ERROR]   location: variable dto of type com.example.time.dto.HolidayDTO
[ERROR] /C:/hrms_platform/src/main/java/com/example/time/controller/HolidayController.java:[25,32] cannot find symbol
[ERROR]   symbol:   method isOptional()
[ERROR]   location: variable dto of type com.example.time.dto.HolidayDTO
[ERROR] /C:/hrms_platform/src/main/java/com/example/hrms_platform_document/service/DocumentService.java:[50,17] cannot find symbol
[ERROR]   symbol:   method setDocumentName(java.lang.String)
[ERROR]   location: variable document of type com.example.hrms_platform_document.entity.Document
[ERROR] /C:/hrms_platform/src/main/java/com/example/hrms_platform_document/service/DocumentService.java:[51,17] cannot find symbol
[ERROR]   symbol:   method setDocumentType(java.lang.String)
[ERROR]   location: variable document of type com.example.hrms_platform_document.entity.Document
[ERROR] /C:/hrms_platform/src/main/java/com/example/hrms_platform_document/service/DocumentService.java:[52,17] cannot find symbol
[ERROR]   symbol:   method setEmployee(com.example.EmployeeManagement.Model.Employee)
[ERROR]   location: variable document of type com.example.hrms_platform_document.entity.Document
[ERROR] /C:/hrms_platform/src/main/java/com/example/hrms_platform_document/service/DocumentService.java:[53,17] cannot find symbol
[ERROR]   symbol:   method setUploadedBy(com.example.EmployeeManagement.Model.Employee)
[ERROR]   location: variable document of type com.example.hrms_platform_document.entity.Document
[ERROR] /C:/hrms_platform/src/main/java/com/example/hrms_platform_document/service/DocumentService.java:[54,17] cannot find symbol
[ERROR]   symbol:   method setCreatedAt(java.time.LocalDateTime)
[ERROR]   location: variable document of type com.example.hrms_platform_document.entity.Document
[ERROR] /C:/hrms_platform/src/main/java/com/example/hrms_platform_document/service/DocumentService.java:[59,16] cannot find symbol
[ERROR]   symbol:   method setDocument(com.example.hrms_platform_document.entity.Document)
[ERROR]   location: variable version of type com.example.hrms_platform_document.entity.DocumentVersion
[ERROR] /C:/hrms_platform/src/main/java/com/example/hrms_platform_document/service/DocumentService.java:[60,16] cannot find symbol
[ERROR]   symbol:   method setFileData(byte[])
[ERROR]   location: variable version of type com.example.hrms_platform_document.entity.DocumentVersion
[ERROR] /C:/hrms_platform/src/main/java/com/example/hrms_platform_document/service/DocumentService.java:[61,16] cannot find symbol
[ERROR]   symbol:   method setVersionNumber(int)
[ERROR]   location: variable version of type com.example.hrms_platform_document.entity.DocumentVersion
[ERROR] /C:/hrms_platform/src/main/java/com/example/hrms_platform_document/service/DocumentService.java:[62,16] cannot find symbol
[ERROR]   symbol:   method setChecksum(java.lang.String)
[ERROR]   location: variable version of type com.example.hrms_platform_document.entity.DocumentVersion
[ERROR] /C:/hrms_platform/src/main/java/com/example/hrms_platform_document/service/DocumentService.java:[63,16] cannot find symbol
[ERROR]   symbol:   method setUploadedBy(com.example.EmployeeManagement.Model.Employee)
[ERROR]   location: variable version of type com.example.hrms_platform_document.entity.DocumentVersion
[ERROR] /C:/hrms_platform/src/main/java/com/example/hrms_platform_document/service/DocumentService.java:[64,16] cannot find symbol
[ERROR]   symbol:   method setUploadedAt(java.time.LocalDateTime)
[ERROR]   location: variable version of type com.example.hrms_platform_document.entity.DocumentVersion
[ERROR] /C:/hrms_platform/src/main/java/com/example/hrms_platform_document/service/DocumentService.java:[68,45] cannot find symbol
[ERROR]   symbol:   method getVersionId()
[ERROR]   location: variable version of type com.example.hrms_platform_document.entity.DocumentVersion
[ERROR] /C:/hrms_platform/src/main/java/com/example/hrms_platform_document/service/DocumentService.java:[79,59] cannot find symbol
[ERROR]   symbol:   method getCurrentVersionId()
[ERROR]   location: variable doc of type com.example.hrms_platform_document.entity.Document
[ERROR] /C:/hrms_platform/src/main/java/com/example/hrms_platform_document/service/DocumentService.java:[82,23] cannot find symbol
[ERROR]   symbol:   method getFileData()
[ERROR]   location: variable version of type com.example.hrms_platform_document.entity.DocumentVersion
[ERROR] /C:/hrms_platform/src/main/java/com/example/time/mapper/AttendanceMapper.java:[9,23] cannot find symbol
[ERROR]   symbol:   method getEmployee()
[ERROR]   location: variable attendance of type com.example.time.entity.Attendance
[ERROR] /C:/hrms_platform/src/main/java/com/example/time/mapper/AttendanceMapper.java:[10,41] cannot find symbol
[ERROR]   symbol:   method getEmployee()
[ERROR]   location: variable attendance of type com.example.time.entity.Attendance
[ERROR] /C:/hrms_platform/src/main/java/com/example/time/mapper/AttendanceMapper.java:[12,31] cannot find symbol
[ERROR]   symbol:   method getDate()
[ERROR]   location: variable attendance of type com.example.time.entity.Attendance
[ERROR] /C:/hrms_platform/src/main/java/com/example/time/mapper/AttendanceMapper.java:[13,34] cannot find symbol
[ERROR]   symbol:   method getCheckIn()
[ERROR]   location: variable attendance of type com.example.time.entity.Attendance
[ERROR] /C:/hrms_platform/src/main/java/com/example/time/mapper/AttendanceMapper.java:[14,35] cannot find symbol
[ERROR]   symbol:   method getCheckOut()
[ERROR]   location: variable attendance of type com.example.time.entity.Attendance
[ERROR] /C:/hrms_platform/src/main/java/com/example/time/mapper/AttendanceMapper.java:[15,33] cannot find symbol
[ERROR]   symbol:   method getStatus()
[ERROR]   location: variable attendance of type com.example.time.entity.Attendance
[ERROR] /C:/hrms_platform/src/main/java/com/example/hrms_platform_document/service/DocumentAccessLogService.java:[24,12] cannot find symbol
[ERROR]   symbol:   method setDocument(com.example.hrms_platform_document.entity.Document)
[ERROR]   location: variable log of type com.example.hrms_platform_document.entity.DocumentAccessLog
[ERROR] /C:/hrms_platform/src/main/java/com/example/hrms_platform_document/service/DocumentAccessLogService.java:[25,12] cannot find symbol
[ERROR]   symbol:   method setEmployee(com.example.EmployeeManagement.Model.Employee)
[ERROR]   location: variable log of type com.example.hrms_platform_document.entity.DocumentAccessLog
[ERROR] /C:/hrms_platform/src/main/java/com/example/hrms_platform_document/service/DocumentAccessLogService.java:[26,12] cannot find symbol
[ERROR]   symbol:   method setAction(java.lang.String)
[ERROR]   location: variable log of type com.example.hrms_platform_document.entity.DocumentAccessLog
[ERROR] /C:/hrms_platform/src/main/java/com/example/hrms_platform_document/service/DocumentAccessLogService.java:[27,12] cannot find symbol
[ERROR]   symbol:   method setAccessTime(java.time.LocalDateTime)
[ERROR]   location: variable log of type com.example.hrms_platform_document.entity.DocumentAccessLog
[ERROR] /C:/hrms_platform/src/main/java/com/example/hrms_platform_document/service/DocumentAccessLogService.java:[28,12] cannot find symbol
[ERROR]   symbol:   method setIpAddress(java.lang.String)
[ERROR]   location: variable log of type com.example.hrms_platform_document.entity.DocumentAccessLog
[ERROR] /C:/hrms_platform/src/main/java/com/example/EmployeeManagement/Exception/Handler/GlobalExceptionHandler.java:[17,24] constructor ApiDto in class com.example.EmployeeManagement.DTO.ApiDto cannot be applied to given types;
[ERROR]   required: no arguments
[ERROR]   found:    int,java.lang.String,java.time.LocalDateTime
[ERROR]   reason: actual and formal argument lists differ in length
[ERROR] -> [Help 1]
[ERROR] 
[ERROR] To see the full stack trace of the errors, re-run Maven with the -e switch.
[ERROR] Re-run Maven using the -X switch to enable full debug logging.
[ERROR] 
[ERROR] For more information about the errors and possible solutions, please read the following articles:
[ERROR] [Help 1] http://cwiki.apache.org/confluence/display/MAVEN/MojoFailureException
